PS C:\Users\ogiha> mkdir git_challenge


    ディレクトリ: C:\Users\ogiha


Mode                 LastWriteTime         Length Name
----                 -------------         ------ ----
d-----        2025/03/29      7:55                git_challenge       


PS C:\Users\ogiha> cd git_challenge 
PS C:\Users\ogiha\git_challenge> git init
Initialized empty Git repository in C:/Users/ogiha/git_challenge/.git/
PS C:\Users\ogiha\git_challenge> echo "Hello,World!" >> hello_world.txt
PS C:\Users\ogiha\git_challenge> gi
                                 git add "C:\Users\ogiha\git_challenge\hello_world.txt"
PS C:\Users\ogiha\git_challenge> git commit -m "hello_world.txtを追加"
[main (root-commit) aecf227] hello_world.txtを追加
 1 file changed, 0 insertions(+), 0 deletions(-)
 create mode 100644 hello_world.txt
PS C:\Users\ogiha\git_challenge> echo "こんにちは、世界！"　>> hello_world.txt
PS C:\Users\ogiha\git_challenge> git add "C:\Users\ogiha\git_challenge\hello_world.txt"
PS C:\Users\ogiha\git_challenge> git commit -m "日本語訳を追記"
[main 9b0de79] 日本語訳を追記
 1 file changed, 0 insertions(+), 0 deletions(-)
PS C:\Users\ogiha\git_challenge> git log --oneline                     
9b0de79 (HEAD -> main) 日本語訳を追記
aecf227 hello_world.txtを追加
PS C:\Users\ogiha\git_challenge> 
