PS C:\Users\ogiha> cd git_challenge 
PS C:\Users\ogiha\git_challenge> git init
Initialized empty Git repository in C:/Users/ogiha/git_challenge/.git/
PS C:\Users\ogiha\git_challenge> echo "hello, world!" > hello_world.txt
PS C:\Users\ogiha\git_challenge> git add "C:\Users\ogiha\git_challenge\hello_world.txt"
PS C:\Users\ogiha\git_challenge> git commit -m "hello_world.txtを追加"
[main (root-commit) 1faaf43] hello_world.txtを追加
 1 file changed, 0 insertions(+), 0 deletions(-)
 create mode 100644 hello_world.txt
PS C:\Users\ogiha\git_challenge> git add "C:\Users\ogiha\git_challenge\hello_world.txt"
PS C:\Users\ogiha\git_challenge> git commit -m "日本語訳を追記"         
[main ff40e89] 日本語訳を追記
 1 file changed, 0 insertions(+), 0 deletions(-)
PS C:\Users\ogiha\git_challenge> git log --oneline
ff40e89 (HEAD -> main) 日本語訳を追記
1faaf43 hello_world.txtを追加
PS C:\Users\ogiha\git_challenge> 